
> ministry-organizer@1.0.0 dev
> vite


  VITE v6.4.3  ready in 486 ms

  ➜  Local:   http://localhost:5173/
  ➜  Network: use --host to expose
1:23:16 PM [vite] (client) page reload index.html
1:23:21 PM [vite] vite.config.js changed, restarting server...
1:23:21 PM [vite] server restarted.
1:32:07 PM [vite] vite.config.js changed, restarting server...
1:32:07 PM [vite] server restarted.
2:08:58 PM [vite] (client) hmr update /src/pages/VisitForm.tsx, /src/index.css
2:09:02 PM [vite] (client) page reload tsconfig.tsbuildinfo
2:10:52 PM [vite] (client) hmr update /src/pages/VisitForm.tsx, /src/index.css
2:10:56 PM [vite] (client) page reload tsconfig.tsbuildinfo
2:12:21 PM [vite] (client) hmr update /src/pages/VisitForm.tsx, /src/index.css
2:12:25 PM [vite] (client) page reload tsconfig.tsbuildinfo
2:38:48 PM [vite] (client) page reload tsconfig.tsbuildinfo
2:44:04 PM [vite] (client) page reload index.html
2:44:12 PM [vite] (client) page reload tsconfig.tsbuildinfo
3:26:38 PM [vite] (client) page reload index.html
3:27:49 PM [vite] (client) page reload tsconfig.tsbuildinfo
3:29:51 PM [vite] (client) hmr update /src/pages/PersonRecord.tsx, /src/index.css
3:29:51 PM [vite] (client) hmr update /src/pages/Settings.tsx, /src/index.css
3:29:51 PM [vite] (client) hmr update /src/pages/Dashboard.tsx, /src/index.css
3:29:51 PM [vite] (client) hmr update /src/pages/CalendarView.tsx, /src/index.css
